// Jest Snapshot v1, https://goo.gl/fbAQLP

exports[`<ProductInfo /> renders correctly 1`] = `
.c1 {
  padding-right: 5px;
}

.c0 {
  -webkit-align-items: flex-start;
  -webkit-box-align: flex-start;
  -ms-flex-align: flex-start;
  align-items: flex-start;
  display: -webkit-box;
  display: -webkit-flex;
  display: -ms-flexbox;
  display: flex;
}

.c2 {
  font-size: 0.875rem;
  line-height: 21px;
  margin-left: 0.5rem;
}

<div
  className="c0"
>
  <span
    style={
      Object {
        "direction": "ltr",
        "display": "inline-block",
      }
    }
  >
    <span
      onClick={[Function]}
      onMouseMove={[Function]}
      onTouchEnd={[Function]}
      onTouchMove={[Function]}
      style={
        Object {
          "cursor": "inherit",
          "display": "inline-block",
          "position": "relative",
        }
      }
    >
      <span
        style={
          Object {
            "visibility": "hidden",
          }
        }
      >
        <img
          alt="star-empty"
          className="c1"
          src={[Function]}
        />
      </span>
      <span
        style={
          Object {
            "display": "inline-block",
            "left": 0,
            "overflow": "hidden",
            "position": "absolute",
            "top": 0,
            "width": "100%",
          }
        }
      >
        <img
          alt="star-full"
          className="c1"
          src={[Function]}
        />
      </span>
    </span>
    <span
      onClick={[Function]}
      onMouseMove={[Function]}
      onTouchEnd={[Function]}
      onTouchMove={[Function]}
      style={
        Object {
          "cursor": "inherit",
          "display": "inline-block",
          "position": "relative",
        }
      }
    >
      <span
        style={
          Object {
            "visibility": "hidden",
          }
        }
      >
        <img
          alt="star-empty"
          className="c1"
          src={[Function]}
        />
      </span>
      <span
        style={
          Object {
            "display": "inline-block",
            "left": 0,
            "overflow": "hidden",
            "position": "absolute",
            "top": 0,
            "width": "100%",
          }
        }
      >
        <img
          alt="star-full"
          className="c1"
          src={[Function]}
        />
      </span>
    </span>
    <span
      onClick={[Function]}
      onMouseMove={[Function]}
      onTouchEnd={[Function]}
      onTouchMove={[Function]}
      style={
        Object {
          "cursor": "inherit",
          "display": "inline-block",
          "position": "relative",
        }
      }
    >
      <span
        style={
          Object {
            "visibility": "hidden",
          }
        }
      >
        <img
          alt="star-empty"
          className="c1"
          src={[Function]}
        />
      </span>
      <span
        style={
          Object {
            "display": "inline-block",
            "left": 0,
            "overflow": "hidden",
            "position": "absolute",
            "top": 0,
            "width": "100%",
          }
        }
      >
        <img
          alt="star-full"
          className="c1"
          src={[Function]}
        />
      </span>
    </span>
    <span
      onClick={[Function]}
      onMouseMove={[Function]}
      onTouchEnd={[Function]}
      onTouchMove={[Function]}
      style={
        Object {
          "cursor": "inherit",
          "display": "inline-block",
          "position": "relative",
        }
      }
    >
      <span
        style={Object {}}
      >
        <img
          alt="star-empty"
          className="c1"
          src={[Function]}
        />
      </span>
      <span
        style={
          Object {
            "display": "inline-block",
            "left": 0,
            "overflow": "hidden",
            "position": "absolute",
            "top": 0,
            "width": "0%",
          }
        }
      >
        <img
          alt="star-full"
          className="c1"
          src={[Function]}
        />
      </span>
    </span>
    <span
      onClick={[Function]}
      onMouseMove={[Function]}
      onTouchEnd={[Function]}
      onTouchMove={[Function]}
      style={
        Object {
          "cursor": "inherit",
          "display": "inline-block",
          "position": "relative",
        }
      }
    >
      <span
        style={Object {}}
      >
        <img
          alt="star-empty"
          className="c1"
          src={[Function]}
        />
      </span>
      <span
        style={
          Object {
            "display": "inline-block",
            "left": 0,
            "overflow": "hidden",
            "position": "absolute",
            "top": 0,
            "width": "0%",
          }
        }
      >
        <img
          alt="star-full"
          className="c1"
          src={[Function]}
        />
      </span>
    </span>
  </span>
  <p
    className="c2"
  >
    8 reviews
  </p>
</div>
`;
