// Jest Snapshot v1, https://goo.gl/fbAQLP

exports[`<ProductInfo /> renders correctly 1`] = `
.c0 {
  padding-bottom: 26px;
}

.c1 {
  display: -webkit-box;
  display: -webkit-flex;
  display: -ms-flexbox;
  display: flex;
  -webkit-align-items: center;
  -webkit-box-align: center;
  -ms-flex-align: center;
  align-items: center;
  padding-bottom: 1rem;
}

.c3 svg {
  width: 100%;
}

.c4 {
  background-color: #C1BEC8;
  height: 192px;
  width: 100%;
}

.c2 {
  font-size: 0.8125rem;
  margin-left: 0.5rem;
}

@media (max-width:540px) {
  .c0 {
    padding-bottom: 24px;
  }
}

<div
  className="c0"
>
  <div
    className="c1"
  >
    <svg
      fill="currentColor"
      height="24"
      viewBox="0 0 24 24"
      width="24"
      xmlns="http://www.w3.org/2000/svg"
    >
      <path
        d="M18,4.48a8.45,8.45,0,0,0-12,12l5.27,5.28a1,1,0,0,0,1.42,0L18,16.43A8.45,8.45,0,0,0,18,4.48ZM16.57,15,12,19.59,7.43,15a6.46,6.46,0,1,1,9.14,0ZM9,7.41a4.32,4.32,0,0,0,0,6.1,4.31,4.31,0,0,0,7.36-3,4.24,4.24,0,0,0-1.26-3.05A4.3,4.3,0,0,0,9,7.41Zm4.69,4.68a2.33,2.33,0,1,1,.67-1.63A2.33,2.33,0,0,1,13.64,12.09Z"
      />
    </svg>
    <p
      className="c2"
    >
      28034, Pascal
    </p>
  </div>
  <div
    className="c3"
  >
    <div
      className="c4"
    />
  </div>
</div>
`;
